{
  _type: 'element',
  tags: null,
  links: null,
  viewOf: 'bank',
  _stage: 'layouted',
  sourcePath: 'views.c4',
  description: null,
  title: 'Containers: the Bank (ASPSP)',
  id: 'bank',
  autoLayout: {
    direction: 'TB',
  },
  notation: {
    nodes: [
      {
        title: 'Web application',
        shape: 'browser',
        color: 'primary',
        kinds: [
          'webApp',
        ],
      },
      {
        title: 'API gateway',
        shape: 'component',
        color: 'indigo',
        kinds: [
          'apiGateway',
        ],
      },
      {
        title: 'Mobile application',
        shape: 'mobile',
        color: 'primary',
        kinds: [
          'mobileApp',
        ],
      },
      {
        title: 'Person',
        shape: 'person',
        color: 'amber',
        kinds: [
          'actor',
        ],
      },
      {
        title: 'Component',
        shape: 'rectangle',
        color: 'muted',
        kinds: [
          'component',
        ],
      },
      {
        title: 'Container',
        shape: 'rectangle',
        color: 'muted',
        kinds: [
          'container',
        ],
      },
      {
        title: 'Container',
        shape: 'rectangle',
        color: 'primary',
        kinds: [
          'container',
        ],
      },
      {
        title: 'External system',
        shape: 'rectangle',
        color: 'muted',
        kinds: [
          'externalSystem',
        ],
      },
      {
        title: 'Software system',
        shape: 'rectangle',
        color: 'primary',
        kinds: [
          'softwareSystem',
        ],
      },
    ],
  },
  hash: 'dDYLPCVoDONCvjXKBLSiZQZmUEcCzkTMYLoarDEHmOc',
  bounds: {
    x: -44,
    y: 4,
    width: 4295,
    height: 2080,
  },
  nodes: [
    {
      id: 'psu',
      parent: null,
      level: 0,
      children: [],
      inEdges: [],
      outEdges: [
        '1nvb7zm',
        '13m7low',
        '11d4tln',
        'c98pkh',
      ],
      title: 'PSU',
      modelRef: 'psu',
      shape: 'person',
      color: 'amber',
      style: {
        opacity: 15,
        size: 'md',
      },
      description: {
        txt: 'Payment service user. Holds payment accounts at the Bank and has\nenrolled at least one device with the Bank app.',
      },
      tags: [],
      notation: 'Person',
      kind: 'actor',
      x: 2455,
      y: 69,
      width: 356,
      height: 180,
      labelBBox: {
        x: 18,
        y: 38,
        width: 321,
        height: 101,
      },
      navigateTo: null,
      links: null,
    },
    {
      id: 'tpp',
      parent: null,
      level: 0,
      children: [
        'tpp.backend.xs2aClient',
      ],
      inEdges: [],
      outEdges: [
        'zpithv',
      ],
      title: 'TPP',
      modelRef: 'tpp',
      shape: 'rectangle',
      color: 'primary',
      style: {
        border: 'dashed',
        opacity: 10,
        size: 'md',
      },
      description: {
        txt: 'Third-party provider licensed as AISP and PISP. OAuth2 confidential\nclient authenticated by mTLS with its eIDAS QWAC. Creates the consent\nat the Bank, drives the authorization-code flow at the OIDC-provider and reads account\ndata through the XS2A API.',
      },
      tags: [
        'tpp',
      ],
      notation: 'Software system',
      kind: 'softwareSystem',
      depth: 1,
      navigateTo: 'tpp',
      x: 1175,
      y: 24,
      width: 418,
      height: 265,
      labelBBox: {
        x: 6,
        y: 0,
        width: 25,
        height: 15,
      },
      links: null,
    },
    {
      id: 'bankApp',
      parent: null,
      level: 0,
      children: [],
      inEdges: [
        '1onx4cm',
        '11d4tln',
      ],
      outEdges: [
        '65c3tv',
      ],
      title: 'Bank mobile app',
      modelRef: 'bankApp',
      shape: 'mobile',
      color: 'primary',
      style: {
        opacity: 15,
        size: 'md',
      },
      description: {
        txt: 'Registered device. Key pair in secure hardware, enrolled through\nthe Bank own channel. Scans the QR, shows the approval details,\nasks for biometric or PIN, signs the challenge with the device key.',
      },
      tags: [
        'bank',
        'sca',
      ],
      notation: 'Mobile application',
      kind: 'mobileApp',
      x: 3261,
      y: 61,
      width: 373,
      height: 180,
      labelBBox: {
        x: 23,
        y: 29,
        width: 329,
        height: 119,
      },
      navigateTo: null,
      links: null,
    },
    {
      id: 'OidcProvider',
      parent: null,
      level: 0,
      children: [
        'OidcProvider.authorize',
        'OidcProvider.broker',
        'OidcProvider.asMetadata',
        'OidcProvider.tokenService',
      ],
      inEdges: [
        'c98pkh',
        '1rp8emh',
        'f2n53r',
        '1e98lv',
      ],
      outEdges: [
        'jxj182',
        'uljque',
        've4hop',
        '17sm5zo',
      ],
      title: 'OidcProvider',
      modelRef: 'OidcProvider',
      shape: 'rectangle',
      color: 'primary',
      style: {
        border: 'dashed',
        opacity: 10,
        size: 'md',
      },
      description: {
        txt: 'Authorization server (RFC 6749) and OpenID Provider towards the TPP.\nIssues certificate-bound access tokens scoped to one consent\n(scope AIS:<consentId>) and brokers PSU authentication to the Bank.',
      },
      tags: [
        'oidc-provider',
      ],
      notation: 'Software system',
      kind: 'softwareSystem',
      depth: 1,
      navigateTo: 'oidcProvider',
      x: 275,
      y: 388,
      width: 434,
      height: 1354,
      labelBBox: {
        x: 6,
        y: 0,
        width: 89,
        height: 15,
      },
      links: null,
    },
    {
      id: 'tpp.backend.xs2aClient',
      parent: 'tpp',
      level: 1,
      children: [],
      inEdges: [],
      outEdges: [
        'zpithv',
      ],
      title: 'XS2A client',
      modelRef: 'tpp.backend.xs2aClient',
      shape: 'rectangle',
      color: 'muted',
      style: {
        opacity: 15,
        size: 'md',
      },
      description: {
        txt: 'Adds X-Request-ID, Consent-ID, Authorization, PSU context headers and optional Digest / Signature.',
      },
      tags: [],
      notation: 'Component',
      technology: 'NextGenPSD2 XS2A 1.3.16',
      kind: 'component',
      x: 1207,
      y: 77,
      width: 353,
      height: 180,
      labelBBox: {
        x: 18,
        y: 37,
        width: 317,
        height: 103,
      },
      navigateTo: null,
      links: null,
    },
    {
      id: 'OidcProvider.authorize',
      parent: 'OidcProvider',
      level: 1,
      children: [],
      inEdges: [
        'c98pkh',
      ],
      outEdges: [
        'jxj182',
        'uljque',
        '1brnnnu',
      ],
      title: 'Authorization endpoint',
      modelRef: 'OidcProvider.authorize',
      shape: 'rectangle',
      color: 'muted',
      style: {
        border: 'dotted',
        opacity: 15,
        size: 'md',
      },
      description: {
        txt: 'Validates client_id, redirect_uri and PKCE; parses scope AIS:/PIS:/PIIS:; checks the named resource with the Bank consent management.',
      },
      tags: [],
      notation: 'Container',
      technology: '/authorize',
      kind: 'container',
      x: 331,
      y: 800,
      width: 322,
      height: 180,
      labelBBox: {
        x: 18,
        y: 28,
        width: 287,
        height: 120,
      },
      navigateTo: null,
      links: null,
    },
    {
      id: 'bank',
      parent: null,
      level: 0,
      children: [
        'bank.ciam',
        'bank.dashboard',
        'bank.xs2aGateway',
        'bank.pushService',
        'bank.xs2aService',
        'bank.consentMgmt',
        'bank.paymentMgmt',
        'bank.coreAdapter',
        'bank.tppIdentification',
        'bank.coreBanking',
      ],
      inEdges: [
        '1nvb7zm',
        '13m7low',
        '65c3tv',
        'zpithv',
        'jxj182',
        'uljque',
        've4hop',
        '17sm5zo',
      ],
      outEdges: [
        '1onx4cm',
        '1rp8emh',
        'f2n53r',
        '1e98lv',
      ],
      title: 'Bank',
      modelRef: 'bank',
      shape: 'rectangle',
      color: 'primary',
      style: {
        border: 'dashed',
        opacity: 10,
        size: 'md',
      },
      description: {
        txt: 'ASPSP. Resource server (XS2A API), identity provider and CIAM:\ncustomer identities carry enrolled devices, and the possession\nelement of SCA is a key held by one of those devices.',
      },
      tags: [
        'bank',
      ],
      notation: 'Software system',
      kind: 'softwareSystem',
      depth: 1,
      x: 1670,
      y: 370,
      width: 2561,
      height: 1694,
      labelBBox: {
        x: 6,
        y: 0,
        width: 36,
        height: 15,
      },
      navigateTo: null,
      links: null,
    },
    {
      id: 'bank.ciam',
      parent: 'bank',
      level: 1,
      children: [],
      inEdges: [
        '1nvb7zm',
        '65c3tv',
        've4hop',
      ],
      outEdges: [
        '1o1zm4x',
        '1luc1l1',
        '5rh4ps',
        'h2xqjz',
        '1rp8emh',
      ],
      title: 'CIAM',
      modelRef: 'bank.ciam',
      shape: 'rectangle',
      color: 'primary',
      style: {
        border: 'dotted',
        opacity: 15,
        size: 'md',
      },
      description: {
        txt: 'Customer identity and access management: identities, devices, authentication journeys, SCA engine, risk engine, consent UI. Acts as OpenID Provider towards the OIDC-provider.',
      },
      tags: [
        'sca',
      ],
      notation: 'Container',
      kind: 'container',
      navigateTo: 'bankCiam',
      x: 3273,
      y: 502,
      width: 338,
      height: 180,
      labelBBox: {
        x: 18,
        y: 38,
        width: 302,
        height: 101,
      },
      links: null,
    },
    {
      id: 'bank.dashboard',
      parent: 'bank',
      level: 1,
      children: [],
      inEdges: [
        '13m7low',
      ],
      outEdges: [
        '12q4a7n',
      ],
      title: 'PSU consent dashboard',
      modelRef: 'bank.dashboard',
      shape: 'browser',
      color: 'primary',
      style: {
        opacity: 15,
        size: 'md',
      },
      description: {
        txt: 'Bank-side page where the PSU sees and revokes consents.',
      },
      tags: [],
      notation: 'Web application',
      kind: 'webApp',
      x: 1819,
      y: 696,
      width: 379,
      height: 180,
      labelBBox: {
        x: 23,
        y: 56,
        width: 335,
        height: 65,
      },
      navigateTo: null,
      links: null,
    },
    {
      id: 'bank.xs2aGateway',
      parent: 'bank',
      level: 1,
      children: [],
      inEdges: [
        'zpithv',
      ],
      outEdges: [
        'ci13lb',
        'jadsl0',
        '1e98lv',
      ],
      title: 'XS2A gateway',
      modelRef: 'bank.xs2aGateway',
      shape: 'component',
      color: 'indigo',
      style: {
        opacity: 15,
        size: 'md',
      },
      description: {
        txt: 'mTLS termination with client certificate; QWAC validation (chain, revocation, PSD2 roles); optional HTTP signature check; JWT validation against the JWKS of the OIDC-provider; rate limiting; X-Request-ID logging.',
      },
      tags: [
        'xs2a',
      ],
      notation: 'API gateway',
      technology: 'reverse proxy',
      kind: 'apiGateway',
      x: 2453,
      y: 430,
      width: 370,
      height: 180,
      labelBBox: {
        x: 38,
        y: 20,
        width: 294,
        height: 138,
      },
      navigateTo: null,
      links: null,
    },
    {
      id: 'bank.pushService',
      parent: 'bank',
      level: 1,
      children: [],
      inEdges: [
        'h2xqjz',
      ],
      outEdges: [
        '1onx4cm',
      ],
      title: 'Push notification service',
      modelRef: 'bank.pushService',
      shape: 'rectangle',
      color: 'muted',
      style: {
        opacity: 15,
        size: 'md',
      },
      tags: [
        'external',
      ],
      notation: 'External system',
      technology: 'APNs / FCM',
      kind: 'externalSystem',
      x: 3869,
      y: 437,
      width: 320,
      height: 180,
      labelBBox: {
        x: 50,
        y: 66,
        width: 220,
        height: 45,
      },
      navigateTo: null,
      links: null,
    },
    {
      id: 'OidcProvider.broker',
      parent: 'OidcProvider',
      level: 1,
      children: [],
      inEdges: [
        '1rp8emh',
        '1brnnnu',
      ],
      outEdges: [
        've4hop',
        '6xabm7',
      ],
      title: 'Identity broker',
      modelRef: 'OidcProvider.broker',
      shape: 'rectangle',
      color: 'muted',
      style: {
        border: 'dotted',
        opacity: 15,
        size: 'md',
      },
      description: {
        txt: 'Redirects the PSU to the Bank CIAM with the consent context and acr_values=urn:bank:psd2:sca; validates the returned ID token (acr, amr, consent_id).',
      },
      tags: [],
      notation: 'Container',
      technology: 'OIDC relying party',
      kind: 'container',
      x: 321,
      y: 1160,
      width: 341,
      height: 180,
      labelBBox: {
        x: 19,
        y: 28,
        width: 305,
        height: 120,
      },
      navigateTo: null,
      links: null,
    },
    {
      id: 'bank.xs2aService',
      parent: 'bank',
      level: 1,
      children: [],
      inEdges: [
        'ci13lb',
      ],
      outEdges: [
        'z43vn6',
        '19s4l9i',
        'zdf9vn',
      ],
      title: 'XS2A service',
      modelRef: 'bank.xs2aService',
      shape: 'rectangle',
      color: 'primary',
      style: {
        border: 'dotted',
        opacity: 15,
        size: 'md',
      },
      description: {
        txt: 'Consents, authorisations, accounts, balances, transactions, payments. Produces the _links steering (§4.15).',
      },
      tags: [
        'xs2a',
      ],
      notation: 'Container',
      technology: 'REST, NextGenPSD2 XS2A 1.3.16',
      kind: 'container',
      x: 2874,
      y: 834,
      width: 346,
      height: 180,
      labelBBox: {
        x: 18,
        y: 37,
        width: 310,
        height: 102,
      },
      navigateTo: null,
      links: null,
    },
    {
      id: 'OidcProvider.asMetadata',
      parent: 'OidcProvider',
      level: 1,
      children: [],
      inEdges: [
        '1e98lv',
      ],
      outEdges: [],
      title: 'Metadata and JWKS',
      modelRef: 'OidcProvider.asMetadata',
      shape: 'rectangle',
      color: 'muted',
      style: {
        border: 'dotted',
        opacity: 15,
        size: 'md',
      },
      description: {
        txt: '/.well-known/oauth-authorization-server, /.well-known/openid-configuration, /jwks. Advertises tls_client_auth, certificate-bound tokens, PKCE S256.',
      },
      tags: [],
      notation: 'Container',
      technology: 'RFC 8414',
      kind: 'container',
      x: 327,
      y: 448,
      width: 329,
      height: 180,
      labelBBox: {
        x: 19,
        y: 28,
        width: 293,
        height: 120,
      },
      navigateTo: null,
      links: null,
    },
    {
      id: 'bank.consentMgmt',
      parent: 'bank',
      level: 1,
      children: [],
      inEdges: [
        'z43vn6',
        '1o1zm4x',
        '12q4a7n',
        'jxj182',
      ],
      outEdges: [
        'f2n53r',
      ],
      title: 'Consent management',
      modelRef: 'bank.consentMgmt',
      shape: 'rectangle',
      color: 'primary',
      style: {
        border: 'dotted',
        opacity: 15,
        size: 'md',
      },
      description: {
        txt: 'Consent store and state machine (§14.15), authorisation sub-resources with scaStatus (§14.16), accessible accounts, per-account daily usage counters, side effects on new recurring consents.',
      },
      tags: [
        'xs2a',
      ],
      notation: 'Container',
      kind: 'container',
      x: 2321,
      y: 1592,
      width: 326,
      height: 180,
      labelBBox: {
        x: 18,
        y: 29,
        width: 290,
        height: 119,
      },
      navigateTo: null,
      links: null,
    },
    {
      id: 'bank.paymentMgmt',
      parent: 'bank',
      level: 1,
      children: [],
      inEdges: [
        '19s4l9i',
        '1luc1l1',
        'uljque',
      ],
      outEdges: [
        '1qjude7',
      ],
      title: 'Payment initiation',
      modelRef: 'bank.paymentMgmt',
      shape: 'rectangle',
      color: 'primary',
      style: {
        border: 'dotted',
        opacity: 15,
        size: 'md',
      },
      description: {
        txt: 'Payment store and transaction-status state machine (§14.13), payment authorisations and cancellations with their own SCA status (§5.7, §5.8), execution handover to the core banking. Shares the authorisation model with consent management.',
      },
      tags: [
        'xs2a',
      ],
      notation: 'Container',
      kind: 'container',
      navigateTo: 'bankPayments',
      x: 2876,
      y: 1228,
      width: 349,
      height: 180,
      labelBBox: {
        x: 19,
        y: 29,
        width: 313,
        height: 119,
      },
      links: null,
    },
    {
      id: 'OidcProvider.tokenService',
      parent: 'OidcProvider',
      level: 1,
      children: [],
      inEdges: [
        'f2n53r',
        '6xabm7',
      ],
      outEdges: [
        '17sm5zo',
      ],
      title: 'Token service',
      modelRef: 'OidcProvider.tokenService',
      shape: 'rectangle',
      color: 'muted',
      style: {
        border: 'dotted',
        opacity: 15,
        size: 'md',
      },
      description: {
        txt: 'JWT access tokens with aud, scope, cnf thumbprint (RFC 8705); refresh tokens capped by the consent validUntil; admin revocation per consent.',
      },
      tags: [],
      notation: 'Container',
      technology: '/token /revoke /introspect',
      kind: 'container',
      x: 317,
      y: 1520,
      width: 350,
      height: 180,
      labelBBox: {
        x: 18,
        y: 28,
        width: 314,
        height: 120,
      },
      navigateTo: null,
      links: null,
    },
    {
      id: 'bank.coreAdapter',
      parent: 'bank',
      level: 1,
      children: [],
      inEdges: [
        'zdf9vn',
        '1qjude7',
        '5rh4ps',
      ],
      outEdges: [
        '1jnsoe3',
      ],
      title: 'Core banking adapter',
      modelRef: 'bank.coreAdapter',
      shape: 'rectangle',
      color: 'primary',
      style: {
        border: 'dotted',
        opacity: 15,
        size: 'md',
      },
      description: {
        txt: 'Accounts, balances, transactions for a PSU. Issues opaque resourceId values so IBANs never appear in paths.',
      },
      tags: [],
      notation: 'Container',
      kind: 'container',
      x: 3284,
      y: 1520,
      width: 332,
      height: 180,
      labelBBox: {
        x: 18,
        y: 47,
        width: 297,
        height: 83,
      },
      navigateTo: null,
      links: null,
    },
    {
      id: 'bank.tppIdentification',
      parent: 'bank',
      level: 1,
      children: [],
      inEdges: [
        'jadsl0',
        '17sm5zo',
      ],
      outEdges: [],
      title: 'TPP identification',
      modelRef: 'bank.tppIdentification',
      shape: 'rectangle',
      color: 'primary',
      style: {
        border: 'dotted',
        opacity: 15,
        size: 'md',
      },
      description: {
        txt: 'Turns a presented QWAC or QSEAL into a TPP identity with its PSD2 roles, or into a refusal (§3, §4.9). One answer for the gateway, the payment endpoints and the client registry of the OIDC-provider.',
      },
      tags: [
        'xs2a',
      ],
      notation: 'Container',
      kind: 'container',
      x: 1712,
      y: 1196,
      width: 358,
      height: 180,
      labelBBox: {
        x: 18,
        y: 29,
        width: 322,
        height: 119,
      },
      navigateTo: null,
      links: null,
    },
    {
      id: 'bank.coreBanking',
      parent: 'bank',
      level: 1,
      children: [],
      inEdges: [
        '1jnsoe3',
      ],
      outEdges: [],
      title: 'Core banking',
      modelRef: 'bank.coreBanking',
      shape: 'rectangle',
      color: 'muted',
      style: {
        opacity: 15,
        size: 'md',
      },
      description: {
        txt: 'The ledger. Existing system, wrapped by the adapter.',
      },
      tags: [
        'external',
      ],
      notation: 'External system',
      kind: 'externalSystem',
      x: 3282,
      y: 1842,
      width: 335,
      height: 180,
      labelBBox: {
        x: 19,
        y: 56,
        width: 299,
        height: 65,
      },
      navigateTo: null,
      links: null,
    },
  ],
  edges: [
    {
      id: '1nvb7zm',
      parent: null,
      source: 'psu',
      target: 'bank.ciam',
      label: 'logs in, selects accounts, reviews \nconsent, sees the QR',
      relations: [
        '1ugzbl8',
      ],
      color: 'gray',
      line: 'dashed',
      head: 'normal',
      description: {
        txt: 'browser',
      },
      points: [
        [
          2828,
          264,
        ],
        [
          2951,
          329,
        ],
        [
          3109,
          414,
        ],
        [
          3235,
          480,
        ],
      ],
      labelBBox: {
        x: 3082,
        y: 353,
        width: 211,
        height: 35,
      },
      isLabelCustomized: false,
      controlPoints: null,
      navigateTo: null,
      tags: null,
    },
    {
      id: '13m7low',
      parent: null,
      source: 'psu',
      target: 'bank.dashboard',
      label: 'reviews and revokes consents',
      relations: [
        'phjcsd',
      ],
      color: 'gray',
      line: 'dashed',
      head: 'normal',
      description: {
        txt: 'browser',
      },
      points: [
        [
          2470,
          313,
        ],
        [
          2401,
          382,
        ],
        [
          2320,
          460,
        ],
        [
          2246,
          533,
        ],
        [
          2217,
          562,
        ],
        [
          2185,
          596,
        ],
        [
          2155,
          627,
        ],
      ],
      labelBBox: {
        x: 2363,
        y: 441,
        width: 192,
        height: 18,
      },
      isLabelCustomized: false,
      controlPoints: null,
      navigateTo: null,
      tags: null,
    },
    {
      id: '65c3tv',
      parent: null,
      source: 'bankApp',
      target: 'bank.ciam',
      label: 'fetches the challenge, posts the signed \nresponse',
      relations: [
        '1xu5l9e',
      ],
      color: 'gray',
      line: 'solid',
      head: 'normal',
      description: {
        txt: 'device-authenticated API',
      },
      technology: 'HTTPS',
      kind: 'https',
      points: [
        [
          3446,
          258,
        ],
        [
          3445,
          323,
        ],
        [
          3444,
          406,
        ],
        [
          3443,
          472,
        ],
      ],
      labelBBox: {
        x: 3446,
        y: 331,
        width: 246,
        height: 56,
      },
      isLabelCustomized: false,
      controlPoints: null,
      navigateTo: null,
      tags: null,
    },
    {
      id: 'ci13lb',
      parent: 'bank',
      source: 'bank.xs2aGateway',
      target: 'bank.xs2aService',
      label: 'forwards with the client certificate',
      relations: [
        '15sekvp',
      ],
      color: 'gray',
      line: 'dashed',
      head: 'normal',
      points: [
        [
          2736,
          617,
        ],
        [
          2798,
          679,
        ],
        [
          2877,
          756,
        ],
        [
          2940,
          817,
        ],
      ],
      labelBBox: {
        x: 2867,
        y: 706,
        width: 210,
        height: 18,
      },
      isLabelCustomized: false,
      controlPoints: null,
      navigateTo: null,
      tags: null,
    },
    {
      id: 'jadsl0',
      parent: 'bank',
      source: 'bank.xs2aGateway',
      target: 'bank.tppIdentification',
      label: 'identifies the caller from its \ncertificate',
      relations: [
        '3a01k3',
      ],
      color: 'gray',
      line: 'dotted',
      head: 'normal',
      technology: 'internal API',
      kind: 'internal',
      points: [
        [
          2465,
          681,
        ],
        [
          2344,
          793,
        ],
        [
          2194,
          935,
        ],
        [
          2134,
          998,
        ],
        [
          2101,
          1032,
        ],
        [
          2066,
          1071,
        ],
        [
          2035,
          1108,
        ],
      ],
      labelBBox: {
        x: 2278,
        y: 855,
        width: 170,
        height: 56,
      },
      isLabelCustomized: false,
      controlPoints: null,
      navigateTo: null,
      tags: null,
    },
    {
      id: 'z43vn6',
      parent: 'bank',
      source: 'bank.xs2aService',
      target: 'bank.consentMgmt',
      label: 'creates and checks consents, counts \nusage',
      relations: [
        '1il35ux',
      ],
      color: 'gray',
      line: 'dashed',
      head: 'normal',
      points: [
        [
          2851,
          1137,
        ],
        [
          2814,
          1180,
        ],
        [
          2777,
          1225,
        ],
        [
          2744,
          1270,
        ],
        [
          2692,
          1340,
        ],
        [
          2638,
          1424,
        ],
        [
          2591,
          1497,
        ],
      ],
      labelBBox: {
        x: 2744,
        y: 1285,
        width: 234,
        height: 35,
      },
      isLabelCustomized: false,
      controlPoints: null,
      navigateTo: null,
      tags: null,
    },
    {
      id: '19s4l9i',
      parent: 'bank',
      source: 'bank.xs2aService',
      target: 'bank.paymentMgmt',
      label: 'creates payments, reads status, cancels',
      relations: [
        '39txdf',
      ],
      color: 'gray',
      line: 'dotted',
      head: 'normal',
      technology: 'internal API',
      kind: 'internal',
      points: [
        [
          3046,
          1021,
        ],
        [
          3046,
          1076,
        ],
        [
          3048,
          1146,
        ],
        [
          3048,
          1206,
        ],
      ],
      labelBBox: {
        x: 3048,
        y: 1096,
        width: 254,
        height: 39,
      },
      isLabelCustomized: false,
      controlPoints: null,
      navigateTo: null,
      tags: null,
    },
    {
      id: 'zdf9vn',
      parent: 'bank',
      source: 'bank.xs2aService',
      target: 'bank.coreAdapter',
      label: 'reads accounts',
      relations: [
        '1fntgkb',
      ],
      color: 'gray',
      line: 'dashed',
      head: 'normal',
      points: [
        [
          3221,
          982,
        ],
        [
          3262,
          1001,
        ],
        [
          3302,
          1028,
        ],
        [
          3331,
          1062,
        ],
        [
          3444,
          1189,
        ],
        [
          3458,
          1393,
        ],
        [
          3455,
          1512,
        ],
      ],
      labelBBox: {
        x: 3446,
        y: 1252,
        width: 99,
        height: 18,
      },
      isLabelCustomized: false,
      controlPoints: null,
      navigateTo: null,
      tags: null,
    },
    {
      id: '1o1zm4x',
      parent: 'bank',
      source: 'bank.ciam',
      target: 'bank.consentMgmt',
      label: 'records authorisation result and \naccessible accounts',
      relations: [
        '1tnr67u',
      ],
      color: 'gray',
      line: 'dashed',
      head: 'normal',
      description: {
        txt: 'internal API',
      },
      points: [
        [
          3259,
          724,
        ],
        [
          3134,
          810,
        ],
        [
          2961,
          920,
        ],
        [
          2802,
          990,
        ],
        [
          2790,
          996,
        ],
        [
          2573,
          1044,
        ],
        [
          2563,
          1056,
        ],
        [
          2442,
          1207,
        ],
        [
          2446,
          1433,
        ],
        [
          2463,
          1567,
        ],
      ],
      labelBBox: {
        x: 2559,
        y: 1215,
        width: 200,
        height: 35,
      },
      isLabelCustomized: false,
      controlPoints: null,
      navigateTo: null,
      tags: null,
    },
    {
      id: '12q4a7n',
      parent: 'bank',
      source: 'bank.dashboard',
      target: 'bank.consentMgmt',
      label: 'revokes consents',
      relations: [
        '1937v72',
      ],
      color: 'gray',
      line: 'dashed',
      head: 'normal',
      points: [
        [
          2035,
          890,
        ],
        [
          2066,
          1003,
        ],
        [
          2125,
          1187,
        ],
        [
          2207,
          1334,
        ],
        [
          2251,
          1412,
        ],
        [
          2313,
          1489,
        ],
        [
          2365,
          1552,
        ],
      ],
      labelBBox: {
        x: 2201,
        y: 1219,
        width: 113,
        height: 18,
      },
      isLabelCustomized: false,
      controlPoints: null,
      navigateTo: null,
      tags: null,
    },
    {
      id: '1qjude7',
      parent: 'bank',
      source: 'bank.paymentMgmt',
      target: 'bank.coreAdapter',
      label: 'hands an accepted payment over for \nexecution',
      relations: [
        '1ijxqjh',
      ],
      color: 'gray',
      line: 'dotted',
      head: 'normal',
      technology: 'internal API',
      kind: 'internal',
      points: [
        [
          3094,
          1394,
        ],
        [
          3118,
          1429,
        ],
        [
          3150,
          1468,
        ],
        [
          3185,
          1497,
        ],
        [
          3211,
          1516,
        ],
        [
          3242,
          1533,
        ],
        [
          3272,
          1548,
        ],
      ],
      labelBBox: {
        x: 3186,
        y: 1442,
        width: 231,
        height: 55,
      },
      isLabelCustomized: false,
      controlPoints: null,
      navigateTo: null,
      tags: null,
    },
    {
      id: '1luc1l1',
      parent: 'bank',
      source: 'bank.ciam',
      target: 'bank.paymentMgmt',
      label: 'records the payment authorisation \noutcome and the chosen debtor account',
      relations: [
        'rakckk',
      ],
      color: 'gray',
      line: 'dotted',
      head: 'normal',
      technology: 'internal API',
      kind: 'internal',
      points: [
        [
          3447,
          681,
        ],
        [
          3450,
          802,
        ],
        [
          3439,
          1022,
        ],
        [
          3332,
          1167,
        ],
        [
          3307,
          1201,
        ],
        [
          3271,
          1229,
        ],
        [
          3233,
          1250,
        ],
      ],
      labelBBox: {
        x: 3445,
        y: 929,
        width: 254,
        height: 55,
      },
      isLabelCustomized: false,
      controlPoints: null,
      navigateTo: null,
      tags: null,
    },
    {
      id: '5rh4ps',
      parent: 'bank',
      source: 'bank.ciam',
      target: 'bank.coreAdapter',
      label: 'lists payment accounts for selection',
      relations: [
        'slkvje',
      ],
      color: 'gray',
      line: 'dashed',
      head: 'normal',
      points: [
        [
          3611,
          676,
        ],
        [
          3658,
          707,
        ],
        [
          3702,
          747,
        ],
        [
          3729,
          795,
        ],
        [
          3777,
          885,
        ],
        [
          3751,
          923,
        ],
        [
          3730,
          1021,
        ],
        [
          3690,
          1207,
        ],
        [
          3579,
          1405,
        ],
        [
          3510,
          1517,
        ],
      ],
      labelBBox: {
        x: 3716,
        y: 1095,
        width: 225,
        height: 18,
      },
      isLabelCustomized: false,
      controlPoints: null,
      navigateTo: null,
      tags: null,
    },
    {
      id: 'h2xqjz',
      parent: 'bank',
      source: 'bank.ciam',
      target: 'bank.pushService',
      label: 'push notification',
      relations: [
        '1cvmg5e',
      ],
      color: 'green',
      line: 'dotted',
      head: 'normal',
      technology: 'APNs / FCM',
      kind: 'push',
      points: [
        [
          3623,
          452,
        ],
        [
          3703,
          423,
        ],
        [
          3794,
          395,
        ],
        [
          3861,
          386,
        ],
        [
          4002,
          368,
        ],
        [
          4003,
          393,
        ],
        [
          4050,
          438,
        ],
        [
          4059,
          447,
        ],
        [
          4058,
          462,
        ],
        [
          4053,
          478,
        ],
      ],
      labelBBox: {
        x: 3745,
        y: 478,
        width: 105,
        height: 39,
      },
      isLabelCustomized: false,
      controlPoints: [
        {
          x: 3743,
          y: 446,
        },
        {
          x: 3746,
          y: 529,
        },
        {
          x: 3838,
          y: 527,
        },
      ],
      navigateTo: null,
      tags: null,
    },
    {
      id: '1jnsoe3',
      parent: 'bank',
      source: 'bank.coreAdapter',
      target: 'bank.coreBanking',
      label: 'reads the ledger',
      relations: [
        'bprfs2',
      ],
      color: 'gray',
      line: 'dashed',
      head: 'normal',
      points: [
        [
          3450,
          1700,
        ],
        [
          3450,
          1741,
        ],
        [
          3450,
          1790,
        ],
        [
          3450,
          1832,
        ],
      ],
      labelBBox: {
        x: 3451,
        y: 1761,
        width: 105,
        height: 18,
      },
      isLabelCustomized: false,
      controlPoints: null,
      navigateTo: null,
      tags: null,
    },
    {
      id: '1onx4cm',
      parent: null,
      source: 'bank.pushService',
      target: 'bankApp',
      label: 'push notification',
      relations: [
        '83hddl',
      ],
      color: 'green',
      line: 'dotted',
      head: 'normal',
      technology: 'APNs / FCM',
      kind: 'push',
      points: [
        [
          4092,
          468,
        ],
        [
          4123,
          436,
        ],
        [
          4158,
          395,
        ],
        [
          4173,
          361,
        ],
        [
          4197,
          305,
        ],
        [
          4209,
          284,
        ],
        [
          4165,
          248,
        ],
        [
          4066,
          165,
        ],
        [
          3821,
          147,
        ],
        [
          3645,
          145,
        ],
      ],
      labelBBox: {
        x: 3987,
        y: 174,
        width: 105,
        height: 39,
      },
      isLabelCustomized: false,
      controlPoints: [
        {
          x: 4138,
          y: 415,
        },
        {
          x: 4084,
          y: 210,
        },
        {
          x: 3933,
          y: 166,
        },
      ],
      navigateTo: null,
      tags: null,
    },
    {
      id: '11d4tln',
      parent: null,
      source: 'psu',
      target: 'bankApp',
      label: 'scans the QR and approves',
      relations: [
        'flu907',
      ],
      color: 'gray',
      line: 'dashed',
      head: 'normal',
      points: [
        [
          2854,
          156,
        ],
        [
          2962,
          155,
        ],
        [
          3092,
          154,
        ],
        [
          3202,
          153,
        ],
      ],
      labelBBox: {
        x: 2925,
        y: 131,
        width: 178,
        height: 18,
      },
      isLabelCustomized: false,
      controlPoints: null,
      navigateTo: null,
      tags: null,
    },
    {
      id: 'zpithv',
      parent: null,
      source: 'tpp.backend.xs2aClient',
      target: 'bank.xs2aGateway',
      label: 'POST /v1/consents, GET /v1/accounts, GET \n/v1/accounts/{id}',
      relations: [
        '1ao6acn',
      ],
      color: 'indigo',
      line: 'solid',
      head: 'normal',
      description: {
        txt: 'TLS 1.2+ with the TPP eIDAS QWAC as client certificate (NextGenPSD2 §3, §13)',
      },
      technology: 'mTLS (QWAC)',
      kind: 'mtls',
      points: [
        [
          1508,
          228,
        ],
        [
          1615,
          277,
        ],
        [
          1774,
          342,
        ],
        [
          1910,
          369,
        ],
        [
          1984,
          385,
        ],
        [
          2158,
          359,
        ],
        [
          2231,
          374,
        ],
        [
          2320,
          390,
        ],
        [
          2420,
          426,
        ],
        [
          2499,
          457,
        ],
      ],
      labelBBox: {
        x: 1721,
        y: 313,
        width: 280,
        height: 56,
      },
      isLabelCustomized: false,
      controlPoints: null,
      navigateTo: null,
      tags: null,
    },
    {
      id: 'c98pkh',
      parent: null,
      source: 'psu',
      target: 'OidcProvider.authorize',
      label: 'is redirected to',
      relations: [
        'rzmmky',
      ],
      color: 'gray',
      line: 'dashed',
      head: 'normal',
      description: {
        txt: 'browser',
      },
      points: [
        [
          2466,
          173,
        ],
        [
          2229,
          196,
        ],
        [
          1781,
          252,
        ],
        [
          1418,
          372,
        ],
        [
          1076,
          486,
        ],
        [
          1000,
          548,
        ],
        [
          691,
          738,
        ],
        [
          664,
          755,
        ],
        [
          636,
          775,
        ],
        [
          610,
          794,
        ],
      ],
      labelBBox: {
        x: 1422,
        y: 513,
        width: 96,
        height: 18,
      },
      isLabelCustomized: false,
      controlPoints: null,
      navigateTo: null,
      tags: null,
    },
    {
      id: 'jxj182',
      parent: null,
      source: 'OidcProvider.authorize',
      target: 'bank.consentMgmt',
      label: 'validates scope AIS:<consentId>: exists, \nreceived, owned by client',
      relations: [
        'vnr39e',
      ],
      color: 'gray',
      line: 'dotted',
      head: 'normal',
      technology: 'internal API',
      kind: 'internal',
      points: [
        [
          600,
          1006,
        ],
        [
          667,
          1075,
        ],
        [
          743,
          1153,
        ],
        [
          762,
          1164,
        ],
        [
          992,
          1302,
        ],
        [
          1620,
          1381,
        ],
        [
          1865,
          1458,
        ],
        [
          2019,
          1506,
        ],
        [
          2194,
          1570,
        ],
        [
          2318,
          1617,
        ],
      ],
      labelBBox: {
        x: 763,
        y: 1103,
        width: 255,
        height: 55,
      },
      isLabelCustomized: false,
      controlPoints: null,
      navigateTo: null,
      tags: null,
    },
    {
      id: 'uljque',
      parent: null,
      source: 'OidcProvider.authorize',
      target: 'bank.paymentMgmt',
      label: 'validates scope PIS:<paymentId> and \nCancel-PIS:<paymentId>',
      relations: [
        '1hwuat1',
      ],
      color: 'gray',
      line: 'dotted',
      head: 'normal',
      technology: 'internal API',
      kind: 'internal',
      points: [
        [
          652,
          967,
        ],
        [
          670,
          974,
        ],
        [
          689,
          979,
        ],
        [
          707,
          985,
        ],
        [
          1157,
          1106,
        ],
        [
          2330,
          1114,
        ],
        [
          2784,
          1220,
        ],
        [
          2810,
          1225,
        ],
        [
          2838,
          1235,
        ],
        [
          2866,
          1243,
        ],
      ],
      labelBBox: {
        x: 2176,
        y: 1084,
        width: 240,
        height: 55,
      },
      isLabelCustomized: false,
      controlPoints: null,
      navigateTo: null,
      tags: null,
    },
    {
      id: '1rp8emh',
      parent: null,
      source: 'bank.ciam',
      target: 'OidcProvider.broker',
      label: 'ID token (sub, acr, amr, consent_id)',
      relations: [
        'a62j72',
      ],
      color: 'gray',
      line: 'solid',
      head: 'normal',
      description: {
        txt: 'back channel',
      },
      technology: 'HTTPS',
      kind: 'https',
      points: [
        [
          3273,
          620,
        ],
        [
          3160,
          639,
        ],
        [
          3008,
          659,
        ],
        [
          2873,
          668,
        ],
        [
          2716,
          679,
        ],
        [
          155,
          618,
        ],
        [
          48,
          730,
        ],
        [
          -24,
          807,
        ],
        [
          -4,
          876,
        ],
        [
          48,
          971,
        ],
        [
          104,
          1072,
        ],
        [
          215,
          1141,
        ],
        [
          312,
          1185,
        ],
      ],
      labelBBox: {
        x: 49,
        y: 861,
        width: 227,
        height: 39,
      },
      isLabelCustomized: false,
      controlPoints: null,
      navigateTo: null,
      tags: null,
    },
    {
      id: '1brnnnu',
      parent: 'OidcProvider',
      source: 'OidcProvider.authorize',
      target: 'OidcProvider.broker',
      label: 'starts brokered authentication',
      relations: [
        '162s50m',
      ],
      color: 'gray',
      line: 'dashed',
      head: 'normal',
      points: [
        [
          475,
          979,
        ],
        [
          470,
          1017,
        ],
        [
          467,
          1060,
        ],
        [
          470,
          1100,
        ],
        [
          471,
          1116,
        ],
        [
          473,
          1133,
        ],
        [
          475,
          1150,
        ],
      ],
      labelBBox: {
        x: 471,
        y: 1059,
        width: 188,
        height: 18,
      },
      isLabelCustomized: false,
      controlPoints: null,
      navigateTo: null,
      tags: null,
    },
    {
      id: 've4hop',
      parent: null,
      source: 'OidcProvider.broker',
      target: 'bank.ciam',
      label: 'OIDC brokering with consent context',
      relations: [
        'noxz8k',
      ],
      color: 'amber',
      line: 'dashed',
      head: 'normal',
      technology: 'HTTP 302',
      kind: 'redirect',
      points: [
        [
          662,
          1226,
        ],
        [
          926,
          1192,
        ],
        [
          1404,
          1128,
        ],
        [
          1410,
          1121,
        ],
        [
          1427,
          1101,
        ],
        [
          1418,
          1087,
        ],
        [
          1410,
          1062,
        ],
        [
          1400,
          1030,
        ],
        [
          1376,
          1032,
        ],
        [
          1366,
          1001,
        ],
        [
          1333,
          899,
        ],
        [
          1294,
          838,
        ],
        [
          1366,
          761,
        ],
        [
          1479,
          640,
        ],
        [
          2706,
          684,
        ],
        [
          2873,
          668,
        ],
        [
          3004,
          656,
        ],
        [
          3151,
          637,
        ],
        [
          3263,
          620,
        ],
      ],
      labelBBox: {
        x: 1367,
        y: 891,
        width: 232,
        height: 39,
      },
      isLabelCustomized: false,
      controlPoints: null,
      navigateTo: null,
      tags: null,
    },
    {
      id: 'f2n53r',
      parent: null,
      source: 'bank.consentMgmt',
      target: 'OidcProvider.tokenService',
      label: 'revokes tokens of a revoked or expired \nconsent',
      relations: [
        'lwf4ob',
      ],
      color: 'gray',
      line: 'dotted',
      head: 'normal',
      technology: 'internal API',
      kind: 'internal',
      points: [
        [
          2327,
          1699,
        ],
        [
          2179,
          1714,
        ],
        [
          1947,
          1732,
        ],
        [
          1741,
          1728,
        ],
        [
          1363,
          1721,
        ],
        [
          914,
          1666,
        ],
        [
          670,
          1634,
        ],
      ],
      labelBBox: {
        x: 1989,
        y: 1723,
        width: 245,
        height: 55,
      },
      isLabelCustomized: false,
      controlPoints: null,
      navigateTo: null,
      tags: null,
    },
    {
      id: '6xabm7',
      parent: 'OidcProvider',
      source: 'OidcProvider.broker',
      target: 'OidcProvider.tokenService',
      label: 'hands over the authenticated identity',
      relations: [
        '1p7meul',
      ],
      color: 'gray',
      line: 'dashed',
      head: 'normal',
      points: [
        [
          492,
          1340,
        ],
        [
          492,
          1391,
        ],
        [
          492,
          1456,
        ],
        [
          492,
          1509,
        ],
      ],
      labelBBox: {
        x: 493,
        y: 1419,
        width: 233,
        height: 18,
      },
      isLabelCustomized: false,
      controlPoints: null,
      navigateTo: null,
      tags: null,
    },
    {
      id: '17sm5zo',
      parent: null,
      source: 'OidcProvider.tokenService',
      target: 'bank.tppIdentification',
      label: 'authenticates the client by its \ncertificate',
      relations: [
        '1xkh3cy',
      ],
      color: 'gray',
      line: 'dotted',
      head: 'normal',
      technology: 'internal API',
      kind: 'internal',
      points: [
        [
          673,
          1585,
        ],
        [
          896,
          1556,
        ],
        [
          1284,
          1495,
        ],
        [
          1596,
          1405,
        ],
        [
          1654,
          1388,
        ],
        [
          1716,
          1364,
        ],
        [
          1768,
          1342,
        ],
      ],
      labelBBox: {
        x: 1485,
        y: 1487,
        width: 184,
        height: 55,
      },
      isLabelCustomized: false,
      controlPoints: null,
      navigateTo: null,
      tags: null,
    },
    {
      id: '1e98lv',
      parent: null,
      source: 'bank.xs2aGateway',
      target: 'OidcProvider.asMetadata',
      label: 'fetches JWKS to validate access tokens',
      relations: [
        'h57wni',
      ],
      color: 'gray',
      line: 'solid',
      head: 'normal',
      technology: 'HTTPS',
      kind: 'https',
      points: [
        [
          2403,
          556,
        ],
        [
          2381,
          558,
        ],
        [
          2357,
          559,
        ],
        [
          2334,
          558,
        ],
        [
          2140,
          559,
        ],
        [
          719,
          263,
        ],
        [
          563,
          336,
        ],
        [
          519,
          357,
        ],
        [
          500,
          400,
        ],
        [
          493,
          440,
        ],
      ],
      labelBBox: {
        x: 564,
        y: 346,
        width: 252,
        height: 39,
      },
      isLabelCustomized: false,
      controlPoints: null,
      navigateTo: null,
      tags: null,
    },
  ],
  _layout: 'manual',
}
