{
  _type: 'dynamic',
  tags: null,
  links: null,
  _stage: 'layouted',
  sourcePath: 'views.c4',
  description: {
    txt: 'The PSU enrols a device in the Bank own channel. Never through the TPP.',
  },
  title: '6.1 Device enrolment (prerequisite, the Bank channel only)',
  id: 'deviceEnrolment',
  variant: 'diagram',
  flow: [
    'step-01',
    'step-02',
    'step-03',
    'step-04',
    'step-05',
    'step-06',
    'step-07',
    'step-08',
  ],
  autoLayout: {
    direction: 'LR',
  },
  notation: {
    nodes: [
      {
        title: 'Data store',
        shape: 'cylinder',
        color: 'gray',
        kinds: [
          'database',
        ],
      },
      {
        title: 'Mobile application',
        shape: 'mobile',
        color: 'primary',
        kinds: [
          'mobileApp',
        ],
      },
      {
        title: 'Person',
        shape: 'person',
        color: 'amber',
        kinds: [
          'actor',
        ],
      },
      {
        title: 'Component',
        shape: 'rectangle',
        color: 'primary',
        kinds: [
          'component',
        ],
      },
    ],
  },
  hash: '4t2NE56TBPW_lEtlTZBgMj6iCg0CPDZf5uSzZpVFMnA',
  sequenceLayout: {
    actors: [
      {
        id: 'psu',
        x: 0,
        y: 0,
        width: 356,
        height: 180,
        ports: [
          {
            id: 'step-01_source',
            cx: 178,
            cy: 250,
            height: 40,
            type: 'source',
            position: 'right',
          },
          {
            id: 'step-04_target',
            cx: 178,
            cy: 550,
            height: 24,
            type: 'target',
            position: 'right',
          },
          {
            id: 'step-05_source',
            cx: 178,
            cy: 667,
            height: 40,
            type: 'source',
            position: 'right',
          },
        ],
      },
      {
        id: 'bankApp',
        x: 436,
        y: 0,
        width: 373,
        height: 180,
        ports: [
          {
            id: 'step-01_target',
            cx: 187,
            cy: 250,
            height: 24,
            type: 'target',
            position: 'left',
          },
          {
            id: 'step-02_source',
            cx: 187,
            cy: 272,
            height: 40,
            type: 'source',
            position: 'right',
          },
          {
            id: 'step-02_target',
            cx: 187,
            cy: 349,
            height: 24,
            type: 'target',
            position: 'right',
          },
          {
            id: 'step-03_source',
            cx: 187,
            cy: 433,
            height: 40,
            type: 'source',
            position: 'right',
          },
          {
            id: 'step-05_target',
            cx: 187,
            cy: 667,
            height: 24,
            type: 'target',
            position: 'left',
          },
          {
            id: 'step-06_source',
            cx: 187,
            cy: 689,
            height: 40,
            type: 'source',
            position: 'right',
          },
          {
            id: 'step-08_target',
            cx: 187,
            cy: 813,
            height: 24,
            type: 'target',
            position: 'right',
          },
        ],
      },
      {
        id: 'bank.ciam.orchestration',
        x: 975,
        y: 0,
        width: 330,
        height: 180,
        ports: [
          {
            id: 'step-03_target',
            cx: 165,
            cy: 433,
            height: 24,
            type: 'target',
            position: 'left',
          },
          {
            id: 'step-04_source',
            cx: 165,
            cy: 550,
            height: 40,
            type: 'source',
            position: 'left',
          },
          {
            id: 'step-06_target',
            cx: 165,
            cy: 689,
            height: 24,
            type: 'target',
            position: 'left',
          },
          {
            id: 'step-07_source',
            cx: 165,
            cy: 711,
            height: 40,
            type: 'source',
            position: 'right',
          },
          {
            id: 'step-08_source',
            cx: 165,
            cy: 813,
            height: 40,
            type: 'source',
            position: 'left',
          },
        ],
      },
      {
        id: 'bank.ciam.deviceRegistry',
        x: 1385,
        y: 0,
        width: 324,
        height: 180,
        ports: [
          {
            id: 'step-07_target',
            cx: 162,
            cy: 711,
            height: 24,
            type: 'target',
            position: 'left',
          },
        ],
      },
    ],
    compounds: [],
    steps: [
      {
        id: 'step-01',
        sourceHandle: 'step-01_source',
        targetHandle: 'step-01_target',
        labelBBox: {
          width: 204,
          height: 28,
        },
      },
      {
        id: 'step-02',
        sourceHandle: 'step-02_source',
        targetHandle: 'step-02_target',
        labelBBox: {
          width: 252,
          height: 43,
        },
      },
      {
        id: 'step-03',
        sourceHandle: 'step-03_source',
        targetHandle: 'step-03_target',
        labelBBox: {
          width: 281,
          height: 43,
        },
      },
      {
        id: 'step-04',
        sourceHandle: 'step-04_source',
        targetHandle: 'step-04_target',
        labelBBox: {
          width: 280,
          height: 43,
        },
      },
      {
        id: 'step-05',
        sourceHandle: 'step-05_source',
        targetHandle: 'step-05_target',
        labelBBox: {
          width: 171,
          height: 28,
        },
      },
      {
        id: 'step-06',
        sourceHandle: 'step-06_source',
        targetHandle: 'step-06_target',
        labelBBox: {
          width: 255,
          height: 28,
        },
      },
      {
        id: 'step-07',
        sourceHandle: 'step-07_source',
        targetHandle: 'step-07_target',
        labelBBox: {
          width: 238,
          height: 28,
        },
      },
      {
        id: 'step-08',
        sourceHandle: 'step-08_source',
        targetHandle: 'step-08_target',
        labelBBox: {
          width: 150,
          height: 28,
        },
      },
    ],
    parallelAreas: [],
    subflows: [],
    bounds: {
      x: 0,
      y: 0,
      width: 1709,
      height: 891,
    },
  },
  bounds: {
    x: -20,
    y: -9,
    width: 2499,
    height: 578,
  },
  nodes: [
    {
      id: 'psu',
      parent: null,
      level: 0,
      children: [],
      inEdges: [
        'step-04',
      ],
      outEdges: [
        'step-01',
        'step-05',
      ],
      title: 'PSU',
      modelRef: 'psu',
      shape: 'person',
      color: 'amber',
      style: {
        opacity: 15,
        size: 'md',
      },
      description: {
        txt: 'Payment service user. Holds payment accounts at the Bank and has\nenrolled at least one device with the Bank app.',
      },
      tags: [],
      notation: 'Person',
      kind: 'actor',
      x: 0,
      y: 151,
      width: 356,
      height: 180,
      labelBBox: {
        x: 18,
        y: 38,
        width: 321,
        height: 101,
      },
    },
    {
      id: 'bankApp',
      parent: null,
      level: 0,
      children: [],
      inEdges: [
        'step-01',
        'step-02',
        'step-05',
        'step-08',
      ],
      outEdges: [
        'step-02',
        'step-03',
        'step-06',
      ],
      title: 'Bank mobile app',
      modelRef: 'bankApp',
      shape: 'mobile',
      color: 'primary',
      style: {
        opacity: 15,
        size: 'md',
      },
      description: {
        txt: 'Registered device. Key pair in secure hardware, enrolled through\nthe Bank own channel. Scans the QR, shows the approval details,\nasks for biometric or PIN, signs the challenge with the device key.',
      },
      tags: [
        'bank',
        'sca',
      ],
      notation: 'Mobile application',
      kind: 'mobileApp',
      x: 702,
      y: 369,
      width: 373,
      height: 180,
      labelBBox: {
        x: 23,
        y: 29,
        width: 329,
        height: 119,
      },
    },
    {
      id: 'bank.ciam.orchestration',
      parent: null,
      level: 0,
      children: [],
      inEdges: [
        'step-03',
        'step-06',
      ],
      outEdges: [
        'step-04',
        'step-07',
        'step-08',
      ],
      title: 'Authentication orchestration',
      modelRef: 'bank.ciam.orchestration',
      shape: 'rectangle',
      color: 'primary',
      style: {
        opacity: 15,
        size: 'md',
      },
      description: {
        txt: 'Journey engine: identify, first factor, risk, account selection and consent screen, SCA challenge, result. Issues the ID token to the OIDC-provider.',
      },
      tags: [],
      notation: 'Component',
      technology: 'OpenID Provider',
      kind: 'component',
      x: 1449,
      y: 11,
      width: 330,
      height: 180,
      labelBBox: {
        x: 18,
        y: 28,
        width: 294,
        height: 121,
      },
    },
    {
      id: 'bank.ciam.deviceRegistry',
      parent: null,
      level: 0,
      children: [],
      inEdges: [
        'step-07',
      ],
      outEdges: [],
      title: 'Device registry',
      modelRef: 'bank.ciam.deviceRegistry',
      shape: 'cylinder',
      color: 'gray',
      style: {
        opacity: 15,
        size: 'md',
      },
      description: {
        txt: 'Enrolled devices per PSU: device id, app instance id, public key (P-256, hardware-backed), attestation, push token, status.',
      },
      tags: [],
      notation: 'Data store',
      kind: 'database',
      x: 2135,
      y: 11,
      width: 324,
      height: 180,
      labelBBox: {
        x: 17,
        y: 38,
        width: 288,
        height: 101,
      },
    },
  ],
  edges: [
    {
      id: 'step-01',
      parent: null,
      source: 'psu',
      target: 'bankApp',
      label: 'install, activate this device',
      relations: [
        'flu907',
      ],
      color: 'gray',
      line: 'dashed',
      head: 'normal',
      tags: [],
      astPath: '/steps@0',
      points: [
        [
          362,
          297,
        ],
        [
          461,
          327,
        ],
        [
          584,
          365,
        ],
        [
          685,
          396,
        ],
      ],
      labelBBox: {
        x: 434,
        y: 285,
        width: 188,
        height: 20,
      },
      isLabelCustomized: false,
      controlPoints: null,
    },
    {
      id: 'step-02',
      parent: null,
      source: 'bankApp',
      target: 'bankApp',
      label: 'generate P-256 key pair in secure \nhardware, obtain attestation',
      relations: [],
      color: 'gray',
      line: 'dashed',
      head: 'normal',
      tags: [],
      astPath: '/steps@1',
      points: [
        [
          829,
          369,
        ],
        [
          814,
          313,
        ],
        [
          834,
          259,
        ],
        [
          889,
          259,
        ],
        [
          941,
          259,
        ],
        [
          962,
          306,
        ],
        [
          952,
          359,
        ],
      ],
      labelBBox: {
        x: 774,
        y: 217,
        width: 236,
        height: 35,
      },
      isLabelCustomized: false,
      controlPoints: null,
    },
    {
      id: 'step-03',
      parent: null,
      source: 'bankApp',
      target: 'bank.ciam.orchestration',
      label: 'POST /devices {publicKey, attestation, \nappInstanceId, pushToken}',
      relations: [],
      color: 'gray',
      line: 'dashed',
      head: 'normal',
      tags: [],
      astPath: '/steps@2',
      points: [
        [
          957,
          361,
        ],
        [
          1025,
          262,
        ],
        [
          1122,
          124,
        ],
        [
          1125,
          121,
        ],
        [
          1222,
          63,
        ],
        [
          1345,
          58,
        ],
        [
          1443,
          68,
        ],
      ],
      labelBBox: {
        x: 1133,
        y: 37,
        width: 265,
        height: 35,
      },
      isLabelCustomized: false,
      controlPoints: null,
    },
    {
      id: 'step-04',
      parent: null,
      source: 'bank.ciam.orchestration',
      target: 'psu',
      label: 'existing SCA: activation code by letter, \nor current device',
      relations: [],
      color: 'gray',
      line: 'dashed',
      head: 'normal',
      tags: [],
      astPath: '/steps@3',
      dir: 'back',
      points: [
        [
          367,
          215,
        ],
        [
          555,
          190,
        ],
        [
          853,
          153,
        ],
        [
          1111,
          130,
        ],
        [
          1224,
          120,
        ],
        [
          1351,
          113,
        ],
        [
          1449,
          108,
        ],
      ],
      labelBBox: {
        x: 735,
        y: 95,
        width: 264,
        height: 35,
      },
      isLabelCustomized: false,
      controlPoints: null,
    },
    {
      id: 'step-05',
      parent: null,
      source: 'psu',
      target: 'bankApp',
      label: 'enter activation code',
      relations: [
        'flu907',
      ],
      color: 'gray',
      line: 'dashed',
      head: 'normal',
      tags: [],
      astPath: '/steps@4',
      points: [
        [
          287,
          342,
        ],
        [
          327,
          374,
        ],
        [
          376,
          406,
        ],
        [
          426,
          426,
        ],
        [
          509,
          458,
        ],
        [
          603,
          469,
        ],
        [
          686,
          471,
        ],
      ],
      labelBBox: {
        x: 452,
        y: 396,
        width: 155,
        height: 20,
      },
      isLabelCustomized: false,
      controlPoints: null,
    },
    {
      id: 'step-06',
      parent: null,
      source: 'bankApp',
      target: 'bank.ciam.orchestration',
      label: 'POST /devices/{id}/activate {code}',
      relations: [],
      color: 'gray',
      line: 'dashed',
      head: 'normal',
      tags: [],
      astPath: '/steps@5',
      points: [
        [
          1069,
          370,
        ],
        [
          1184,
          312,
        ],
        [
          1332,
          239,
        ],
        [
          1444,
          183,
        ],
      ],
      labelBBox: {
        x: 1147,
        y: 201,
        width: 239,
        height: 20,
      },
      isLabelCustomized: false,
      controlPoints: null,
    },
    {
      id: 'step-07',
      parent: null,
      source: 'bank.ciam.orchestration',
      target: 'bank.ciam.deviceRegistry',
      label: 'store device (active, enrolledAt)',
      relations: [],
      color: 'gray',
      line: 'dashed',
      head: 'normal',
      tags: [],
      astPath: '/steps@6',
      points: [
        [
          1779,
          101,
        ],
        [
          1883,
          101,
        ],
        [
          2017,
          101,
        ],
        [
          2123,
          101,
        ],
      ],
      labelBBox: {
        x: 1848,
        y: 69,
        width: 222,
        height: 20,
      },
      isLabelCustomized: false,
      controlPoints: null,
    },
    {
      id: 'step-08',
      parent: null,
      source: 'bank.ciam.orchestration',
      target: 'bankApp',
      label: '201 device active',
      relations: [],
      color: 'gray',
      line: 'dashed',
      head: 'normal',
      tags: [],
      astPath: '/steps@7',
      dir: 'back',
      points: [
        [
          1080,
          466,
        ],
        [
          1180,
          460,
        ],
        [
          1301,
          440,
        ],
        [
          1398,
          382,
        ],
        [
          1468,
          338,
        ],
        [
          1526,
          260,
        ],
        [
          1563,
          197,
        ],
      ],
      labelBBox: {
        x: 1199,
        y: 364,
        width: 134,
        height: 20,
      },
      isLabelCustomized: false,
      controlPoints: null,
    },
  ],
  _layout: 'manual',
}
